// Jest Snapshot v1, https://goo.gl/fbAQLP

exports[`renders homepage unchanged 1`] = `
<div>
  <div
    class="css-bnn98u"
  >
    <div
      class="css-5uzuef"
      data-testid="contact-header"
    >
      <svg
        fill="none"
        height="1em"
        stroke="currentColor"
        stroke-linecap="round"
        stroke-linejoin="round"
        stroke-width="2"
        viewBox="0 0 24 24"
        width="1em"
        xmlns="http://www.w3.org/2000/svg"
      >
        <rect
          height="7"
          width="7"
          x="3"
          y="3"
        />
        <rect
          height="7"
          width="7"
          x="14"
          y="3"
        />
        <rect
          height="7"
          width="7"
          x="14"
          y="14"
        />
        <rect
          height="7"
          width="7"
          x="3"
          y="14"
        />
      </svg>
      <h3>
        Contact
      </h3>
      <button
        class="css-19qolvq"
        data-testid="btn-add-contact"
      >
        <svg
          fill="none"
          height="1em"
          stroke="currentColor"
          stroke-linecap="round"
          stroke-linejoin="round"
          stroke-width="2"
          viewBox="0 0 24 24"
          width="1em"
          xmlns="http://www.w3.org/2000/svg"
        >
          <line
            x1="12"
            x2="12"
            y1="5"
            y2="19"
          />
          <line
            x1="5"
            x2="19"
            y1="12"
            y2="12"
          />
        </svg>
      </button>
    </div>
    <div
      class="css-1rgi34h"
    >
      <div
        class="css-1ago99h"
      >
        <div
          class="css-14f0x4d"
        >
          <svg
            class="search-icon"
            fill="none"
            height="1em"
            stroke="currentColor"
            stroke-linecap="round"
            stroke-linejoin="round"
            stroke-width="2"
            viewBox="0 0 24 24"
            width="1em"
            xmlns="http://www.w3.org/2000/svg"
          >
            <circle
              cx="11"
              cy="11"
              r="8"
            />
            <line
              x1="21"
              x2="16.65"
              y1="21"
              y2="16.65"
            />
          </svg>
          <input
            class="search-input"
            placeholder="Search.."
            type="text"
          />
        </div>
        <div
          data-test-id="virtuoso-scroller"
          data-testid="virtuoso-component"
          data-virtuoso-scroller="true"
          style="height: 80vh; outline: none; overflow-y: auto; position: relative;"
          tabindex="0"
        >
          <div
            data-viewport-type="element"
            style="width: 100%; height: 100%; position: absolute; top: 0px;"
          >
            <div
              data-test-id="virtuoso-item-list"
              style="box-sizing: border-box; padding-top: 0px; padding-bottom: 0px; margin-top: 0px;"
            />
          </div>
        </div>
        <div
          class="css-1dy5ywb"
        >
          <div
            class="css-89amgw"
          >
            <div
              class="css-15z7gy0"
            >
              <span>
                Detail Contact
              </span>
              <button
                class="css-19qolvq"
              >
                <svg
                  fill="none"
                  height="1em"
                  stroke="currentColor"
                  stroke-linecap="round"
                  stroke-linejoin="round"
                  stroke-width="2"
                  viewBox="0 0 24 24"
                  width="1em"
                  xmlns="http://www.w3.org/2000/svg"
                >
                  <line
                    x1="18"
                    x2="6"
                    y1="6"
                    y2="18"
                  />
                  <line
                    x1="6"
                    x2="18"
                    y1="6"
                    y2="18"
                  />
                </svg>
              </button>
            </div>
            <div
              class="css-1psmv0e"
            >
              <div
                class="css-4bm51j"
              >
                <div
                  class="css-1cbxuy9"
                >
                  UU
                </div>
                <div
                  class="css-sebh9u"
                >
                  <span
                    class="css-kxoo1w"
                  >
                     
                  </span>
                  <div
                    class="css-1ttle9s"
                  />
                </div>
              </div>
              <div
                class="css-k5wnk7"
              >
                <button
                  class="css-17k7ybv"
                >
                  Add Number
                </button>
                <button
                  class="css-17k7ybv"
                  data-testid="btn-delete-contact"
                >
                  Delete
                </button>
              </div>
            </div>
          </div>
        </div>
        <div
          class="css-1dy5ywb"
        >
          <div
            class="css-89amgw"
          >
            <div
              class="css-15z7gy0"
            >
              <span />
              <button
                class="css-19qolvq"
              >
                <svg
                  fill="none"
                  height="1em"
                  stroke="currentColor"
                  stroke-linecap="round"
                  stroke-linejoin="round"
                  stroke-width="2"
                  viewBox="0 0 24 24"
                  width="1em"
                  xmlns="http://www.w3.org/2000/svg"
                >
                  <line
                    x1="18"
                    x2="6"
                    y1="6"
                    y2="18"
                  />
                  <line
                    x1="6"
                    x2="18"
                    y1="6"
                    y2="18"
                  />
                </svg>
              </button>
            </div>
            <div
              class="css-1psmv0e"
            >
              <br />
              <div
                class="css-k5wnk7"
              >
                <button
                  class="css-17k7ybv"
                >
                  Delete
                </button>
                <button
                  class="css-17k7ybv"
                >
                  Cancel
                </button>
              </div>
            </div>
          </div>
        </div>
        <div
          class="css-1dy5ywb"
        >
          <div
            class="css-89amgw"
          >
            <div
              class="css-15z7gy0"
            >
              <span>
                Add Contact
              </span>
              <button
                class="css-19qolvq"
              >
                <svg
                  fill="none"
                  height="1em"
                  stroke="currentColor"
                  stroke-linecap="round"
                  stroke-linejoin="round"
                  stroke-width="2"
                  viewBox="0 0 24 24"
                  width="1em"
                  xmlns="http://www.w3.org/2000/svg"
                >
                  <line
                    x1="18"
                    x2="6"
                    y1="6"
                    y2="18"
                  />
                  <line
                    x1="6"
                    x2="18"
                    y1="6"
                    y2="18"
                  />
                </svg>
              </button>
            </div>
            <div
              class="css-1psmv0e"
            >
              <form
                class="css-1efzjiq"
              >
                <input
                  class="input"
                  name="firstName"
                  placeholder="First Name"
                />
                <input
                  class="input"
                  name="lastName"
                  placeholder="Last Name"
                />
                <input
                  class="input"
                  placeholder="Phone Number"
                  value=""
                />
                <div
                  class="react-simple-keyboard simple-keyboard hg-theme-default hg-layout-default"
                  data-skinstance="reactSimpleKeyboard"
                >
                  <div
                    class="hg-rows"
                  >
                    <div
                      class="hg-row"
                    >
                      <div
                        class="hg-button hg-standardBtn"
                        data-skbtn="1"
                        data-skbtnuid="default-r0b0"
                      >
                        <span>
                          1
                        </span>
                      </div>
                      <div
                        class="hg-button hg-standardBtn"
                        data-skbtn="2"
                        data-skbtnuid="default-r0b1"
                      >
                        <span>
                          2
                        </span>
                      </div>
                      <div
                        class="hg-button hg-standardBtn"
                        data-skbtn="3"
                        data-skbtnuid="default-r0b2"
                      >
                        <span>
                          3
                        </span>
                      </div>
                    </div>
                    <div
                      class="hg-row"
                    >
                      <div
                        class="hg-button hg-standardBtn"
                        data-skbtn="4"
                        data-skbtnuid="default-r1b0"
                      >
                        <span>
                          4
                        </span>
                      </div>
                      <div
                        class="hg-button hg-standardBtn"
                        data-skbtn="5"
                        data-skbtnuid="default-r1b1"
                      >
                        <span>
                          5
                        </span>
                      </div>
                      <div
                        class="hg-button hg-standardBtn"
                        data-skbtn="6"
                        data-skbtnuid="default-r1b2"
                      >
                        <span>
                          6
                        </span>
                      </div>
                    </div>
                    <div
                      class="hg-row"
                    >
                      <div
                        class="hg-button hg-standardBtn"
                        data-skbtn="7"
                        data-skbtnuid="default-r2b0"
                      >
                        <span>
                          7
                        </span>
                      </div>
                      <div
                        class="hg-button hg-standardBtn"
                        data-skbtn="8"
                        data-skbtnuid="default-r2b1"
                      >
                        <span>
                          8
                        </span>
                      </div>
                      <div
                        class="hg-button hg-standardBtn"
                        data-skbtn="9"
                        data-skbtnuid="default-r2b2"
                      >
                        <span>
                          9
                        </span>
                      </div>
                    </div>
                    <div
                      class="hg-row"
                    >
                      <div
                        class="hg-button hg-standardBtn"
                        data-skbtn="+"
                        data-skbtnuid="default-r3b0"
                      >
                        <span>
                          +
                        </span>
                      </div>
                      <div
                        class="hg-button hg-standardBtn"
                        data-skbtn="0"
                        data-skbtnuid="default-r3b1"
                      >
                        <span>
                          0
                        </span>
                      </div>
                      <div
                        class="hg-button hg-functionBtn hg-button-bksp"
                        data-skbtn="{bksp}"
                        data-skbtnuid="default-r3b2"
                      >
                        <span>
                          &lt;
                        </span>
                      </div>
                    </div>
                  </div>
                </div>
                <button
                  class="css-17k7ybv"
                  type="submit"
                >
                  Submit
                </button>
              </form>
            </div>
          </div>
        </div>
        <div
          class="css-1dy5ywb"
        >
          <div
            class="css-89amgw"
          >
            <div
              class="css-15z7gy0"
            >
              <span>
                Add Number
              </span>
              <button
                class="css-19qolvq"
              >
                <svg
                  fill="none"
                  height="1em"
                  stroke="currentColor"
                  stroke-linecap="round"
                  stroke-linejoin="round"
                  stroke-width="2"
                  viewBox="0 0 24 24"
                  width="1em"
                  xmlns="http://www.w3.org/2000/svg"
                >
                  <line
                    x1="18"
                    x2="6"
                    y1="6"
                    y2="18"
                  />
                  <line
                    x1="6"
                    x2="18"
                    y1="6"
                    y2="18"
                  />
                </svg>
              </button>
            </div>
            <div
              class="css-1psmv0e"
            >
              <form
                class="css-1efzjiq"
              >
                <input
                  class="input"
                  placeholder="Phone Number"
                  value=""
                />
                <div
                  class="react-simple-keyboard simple-keyboard hg-theme-default hg-layout-default"
                  data-skinstance="reactSimpleKeyboard"
                >
                  <div
                    class="hg-rows"
                  >
                    <div
                      class="hg-row"
                    >
                      <div
                        class="hg-button hg-standardBtn"
                        data-skbtn="1"
                        data-skbtnuid="default-r0b0"
                      >
                        <span>
                          1
                        </span>
                      </div>
                      <div
                        class="hg-button hg-standardBtn"
                        data-skbtn="2"
                        data-skbtnuid="default-r0b1"
                      >
                        <span>
                          2
                        </span>
                      </div>
                      <div
                        class="hg-button hg-standardBtn"
                        data-skbtn="3"
                        data-skbtnuid="default-r0b2"
                      >
                        <span>
                          3
                        </span>
                      </div>
                    </div>
                    <div
                      class="hg-row"
                    >
                      <div
                        class="hg-button hg-standardBtn"
                        data-skbtn="4"
                        data-skbtnuid="default-r1b0"
                      >
                        <span>
                          4
                        </span>
                      </div>
                      <div
                        class="hg-button hg-standardBtn"
                        data-skbtn="5"
                        data-skbtnuid="default-r1b1"
                      >
                        <span>
                          5
                        </span>
                      </div>
                      <div
                        class="hg-button hg-standardBtn"
                        data-skbtn="6"
                        data-skbtnuid="default-r1b2"
                      >
                        <span>
                          6
                        </span>
                      </div>
                    </div>
                    <div
                      class="hg-row"
                    >
                      <div
                        class="hg-button hg-standardBtn"
                        data-skbtn="7"
                        data-skbtnuid="default-r2b0"
                      >
                        <span>
                          7
                        </span>
                      </div>
                      <div
                        class="hg-button hg-standardBtn"
                        data-skbtn="8"
                        data-skbtnuid="default-r2b1"
                      >
                        <span>
                          8
                        </span>
                      </div>
                      <div
                        class="hg-button hg-standardBtn"
                        data-skbtn="9"
                        data-skbtnuid="default-r2b2"
                      >
                        <span>
                          9
                        </span>
                      </div>
                    </div>
                    <div
                      class="hg-row"
                    >
                      <div
                        class="hg-button hg-standardBtn"
                        data-skbtn="+"
                        data-skbtnuid="default-r3b0"
                      >
                        <span>
                          +
                        </span>
                      </div>
                      <div
                        class="hg-button hg-standardBtn"
                        data-skbtn="0"
                        data-skbtnuid="default-r3b1"
                      >
                        <span>
                          0
                        </span>
                      </div>
                      <div
                        class="hg-button hg-functionBtn hg-button-bksp"
                        data-skbtn="{bksp}"
                        data-skbtnuid="default-r3b2"
                      >
                        <span>
                          &lt;
                        </span>
                      </div>
                    </div>
                  </div>
                </div>
                <button
                  class="css-17k7ybv"
                >
                  Submit
                </button>
              </form>
            </div>
          </div>
        </div>
      </div>
    </div>
    <div
      class="css-1dy5ywb"
    >
      <div
        class="css-89amgw"
      >
        <div
          class="css-15z7gy0"
        >
          <span>
            Add Contact
          </span>
          <button
            class="css-19qolvq"
          >
            <svg
              fill="none"
              height="1em"
              stroke="currentColor"
              stroke-linecap="round"
              stroke-linejoin="round"
              stroke-width="2"
              viewBox="0 0 24 24"
              width="1em"
              xmlns="http://www.w3.org/2000/svg"
            >
              <line
                x1="18"
                x2="6"
                y1="6"
                y2="18"
              />
              <line
                x1="6"
                x2="18"
                y1="6"
                y2="18"
              />
            </svg>
          </button>
        </div>
        <div
          class="css-1psmv0e"
        >
          <form
            class="css-1efzjiq"
          >
            <input
              class="input"
              name="firstName"
              placeholder="First Name"
            />
            <input
              class="input"
              name="lastName"
              placeholder="Last Name"
            />
            <input
              class="input"
              placeholder="Phone Number"
              value=""
            />
            <div
              class="react-simple-keyboard simple-keyboard hg-theme-default hg-layout-default"
              data-skinstance="reactSimpleKeyboard"
            >
              <div
                class="hg-rows"
              >
                <div
                  class="hg-row"
                >
                  <div
                    class="hg-button hg-standardBtn"
                    data-skbtn="1"
                    data-skbtnuid="default-r0b0"
                  >
                    <span>
                      1
                    </span>
                  </div>
                  <div
                    class="hg-button hg-standardBtn"
                    data-skbtn="2"
                    data-skbtnuid="default-r0b1"
                  >
                    <span>
                      2
                    </span>
                  </div>
                  <div
                    class="hg-button hg-standardBtn"
                    data-skbtn="3"
                    data-skbtnuid="default-r0b2"
                  >
                    <span>
                      3
                    </span>
                  </div>
                </div>
                <div
                  class="hg-row"
                >
                  <div
                    class="hg-button hg-standardBtn"
                    data-skbtn="4"
                    data-skbtnuid="default-r1b0"
                  >
                    <span>
                      4
                    </span>
                  </div>
                  <div
                    class="hg-button hg-standardBtn"
                    data-skbtn="5"
                    data-skbtnuid="default-r1b1"
                  >
                    <span>
                      5
                    </span>
                  </div>
                  <div
                    class="hg-button hg-standardBtn"
                    data-skbtn="6"
                    data-skbtnuid="default-r1b2"
                  >
                    <span>
                      6
                    </span>
                  </div>
                </div>
                <div
                  class="hg-row"
                >
                  <div
                    class="hg-button hg-standardBtn"
                    data-skbtn="7"
                    data-skbtnuid="default-r2b0"
                  >
                    <span>
                      7
                    </span>
                  </div>
                  <div
                    class="hg-button hg-standardBtn"
                    data-skbtn="8"
                    data-skbtnuid="default-r2b1"
                  >
                    <span>
                      8
                    </span>
                  </div>
                  <div
                    class="hg-button hg-standardBtn"
                    data-skbtn="9"
                    data-skbtnuid="default-r2b2"
                  >
                    <span>
                      9
                    </span>
                  </div>
                </div>
                <div
                  class="hg-row"
                >
                  <div
                    class="hg-button hg-standardBtn"
                    data-skbtn="+"
                    data-skbtnuid="default-r3b0"
                  >
                    <span>
                      +
                    </span>
                  </div>
                  <div
                    class="hg-button hg-standardBtn"
                    data-skbtn="0"
                    data-skbtnuid="default-r3b1"
                  >
                    <span>
                      0
                    </span>
                  </div>
                  <div
                    class="hg-button hg-functionBtn hg-button-bksp"
                    data-skbtn="{bksp}"
                    data-skbtnuid="default-r3b2"
                  >
                    <span>
                      &lt;
                    </span>
                  </div>
                </div>
              </div>
            </div>
            <button
              class="css-17k7ybv"
              type="submit"
            >
              Submit
            </button>
          </form>
        </div>
      </div>
    </div>
  </div>
</div>
`;
